ksjk;ljasd
